// Jest Snapshot v1, https://goo.gl/fbAQLP

exports[`<Contact /> should render correctly 1`] = `
<DocumentFragment>
  <div
    class="root-0-2-2"
  >
    <h2
      class="title-0-2-3"
    >
      contact
    </h2>
    <h3
      class="subtitle-0-2-4"
    >
      Feel free to contact me
    </h3>
    <div
      class="content-0-2-5"
    >
      <ul>
        <li
          class="contactItem-0-2-1"
        >
          <a
            aria-label="Find me on Telegram"
            href="https://t.me/caglarturali"
            rel="noopener noreferrer"
            target="_blank"
            title="Find me on Telegram"
          >
            Telegram
          </a>
        </li>
        <li
          class="contactItem-0-2-1"
        >
          <a
            aria-label="Find me on GitHub"
            href="https://github.com/caglarturali"
            rel="noopener noreferrer"
            target="_blank"
            title="Find me on GitHub"
          >
            GitHub
          </a>
        </li>
        <li
          class="contactItem-0-2-1"
        >
          <a
            aria-label="Find me on LinkedIn"
            href="https://linkedin.com/in/caglarturali"
            rel="noopener noreferrer"
            target="_blank"
            title="Find me on LinkedIn"
          >
            LinkedIn
          </a>
        </li>
        <li
          class="contactItem-0-2-1"
        >
          <a
            aria-label="Find me on Instagram"
            href="https://www.instagram.com/caglarturali/"
            rel="noopener noreferrer"
            target="_blank"
            title="Find me on Instagram"
          >
            Instagram
          </a>
        </li>
        <li
          class="contactItem-0-2-1"
        >
          <a
            aria-label="Find me on goodreads"
            href="https://www.goodreads.com/caglarturali"
            rel="noopener noreferrer"
            target="_blank"
            title="Find me on goodreads"
          >
            goodreads
          </a>
        </li>
      </ul>
    </div>
  </div>
</DocumentFragment>
`;
