// Jest Snapshot v1, https://goo.gl/fbAQLP

exports[`<Education /> should render correctly 1`] = `
<DocumentFragment>
  <div
    class="root-0-2-6"
  >
    <h2
      class="title-0-2-7"
    >
      education
    </h2>
    <h3
      class="subtitle-0-2-8"
    >
      My academic background
    </h3>
    <div
      class="content-0-2-9"
    >
      <ul>
        <div>
          <li
            class="entry-0-2-1"
          >
            <div
              class="school-0-2-2"
            >
              Kirikkale University
            </div>
            <div
              class="department-0-2-3"
            >
              Computer Education and Instructional Technologies
            </div>
            <div
              class="degree-0-2-4"
            >
              Bachelor's Degree
            </div>
            <div
              class="years-0-2-5"
            >
              2010 - 2017
            </div>
          </li>
        </div>
        <div>
          <li
            class="entry-0-2-1"
          >
            <div
              class="school-0-2-2"
            >
              Kirikkale University
            </div>
            <div
              class="department-0-2-3"
            >
              Physics
            </div>
            <div
              class="degree-0-2-4"
            >
              [Dropout]
            </div>
            <div
              class="years-0-2-5"
            >
              2008 - 2010
            </div>
          </li>
        </div>
      </ul>
    </div>
  </div>
</DocumentFragment>
`;
