// Jest Snapshot v1, https://goo.gl/fbAQLP

exports[`<ButtonLink /> should render correctly 1`] = `
<DocumentFragment>
  <a
    aria-label="turali.js.org"
    class="root-0-2-1"
    href="https://turali.js.org"
    rel="noopener noreferrer"
    target="_blank"
    title="turali.js.org"
  >
    <span
      class="contents-0-2-2"
    >
      <svg
        aria-hidden="true"
        class="svg-inline--fa fa-coffee fa-w-20 fa-lg icon"
        data-icon="coffee"
        data-prefix="fas"
        focusable="false"
        role="img"
        viewBox="0 0 640 512"
        xmlns="http://www.w3.org/2000/svg"
      >
        <path
          d="M192 384h192c53 0 96-43 96-96h32c70.6 0 128-57.4 128-128S582.6 32 512 32H120c-13.3 0-24 10.7-24 24v232c0 53 43 96 96 96zM512 96c35.3 0 64 28.7 64 64s-28.7 64-64 64h-32V96h32zm47.7 384H48.3c-47.6 0-61-64-36-64h583.3c25 0 11.8 64-35.9 64z"
          fill="currentColor"
        />
      </svg>
      <span
        class="text-0-2-3"
      >
        turali.js.org
      </span>
    </span>
  </a>
</DocumentFragment>
`;
